#-----------------------------------------------------------
# Vivado v2018.3 (64-bit)
# SW Build 2405991 on Thu Dec  6 23:38:27 MST 2018
# IP Build 2404404 on Fri Dec  7 01:43:56 MST 2018
# Start of session at: Tue Apr 14 20:45:48 2026
# Process ID: 3260
# Current directory: C:/Users/37664/Desktop/code/VerilogProjects
# Command line: vivado.exe vivado_project/rv32_sim.xpr
# Log file: C:/Users/37664/Desktop/code/VerilogProjects/vivado.log
# Journal file: C:/Users/37664/Desktop/code/VerilogProjects\vivado.jou
#-----------------------------------------------------------
start_gui
open_project vivado_project/rv32_sim.xpr
Scanning sources...
Finished scanning sources
INFO: [IP_Flow 19-234] Refreshing IP repositories
INFO: [IP_Flow 19-1704] No user IP repositories specified
INFO: [IP_Flow 19-2313] Loaded Vivado IP repository 'E:/dayingyonganzhuang/Vivado/2018.3/data/ip'.
update_compile_order -fileset sources_1
launch_simulation
INFO: [Vivado 12-5682] Launching behavioral simulation in 'C:/Users/37664/Desktop/code/VerilogProjects/vivado_project/rv32_sim.sim/sim_1/behav/xsim'
INFO: [SIM-utils-51] Simulation object is 'sim_1'
INFO: [SIM-utils-54] Inspecting design source files for 'tb_rv32_wave' in fileset 'sim_1'...
INFO: [USF-XSim-97] Finding global include files...
INFO: [USF-XSim-98] Fetching design files from 'sim_1'...
INFO: [USF-XSim-2] XSim::Compile design
INFO: [USF-XSim-61] Executing 'COMPILE and ANALYZE' step in 'C:/Users/37664/Desktop/code/VerilogProjects/vivado_project/rv32_sim.sim/sim_1/behav/xsim'
"xvlog --incr --relax -prj tb_rv32_wave_vlog.prj"
INFO: [VRFC 10-2263] Analyzing SystemVerilog file "C:/Users/37664/Desktop/code/VerilogProjects/rv32/rtl/rv32_alu.sv" into library xil_defaultlib
INFO: [VRFC 10-311] analyzing module rv32_alu
INFO: [VRFC 10-2263] Analyzing SystemVerilog file "C:/Users/37664/Desktop/code/VerilogProjects/rv32/rtl/rv32_branch.sv" into library xil_defaultlib
INFO: [VRFC 10-311] analyzing module rv32_branch
INFO: [VRFC 10-2263] Analyzing SystemVerilog file "C:/Users/37664/Desktop/code/VerilogProjects/rv32/rtl/rv32_core.sv" into library xil_defaultlib
INFO: [VRFC 10-311] analyzing module rv32_core
INFO: [VRFC 10-2263] Analyzing SystemVerilog file "C:/Users/37664/Desktop/code/VerilogProjects/rv32/rtl/rv32_decode.sv" into library xil_defaultlib
INFO: [VRFC 10-311] analyzing module rv32_decode
INFO: [VRFC 10-2263] Analyzing SystemVerilog file "C:/Users/37664/Desktop/code/VerilogProjects/rv32/rtl/rv32_imm.sv" into library xil_defaultlib
INFO: [VRFC 10-311] analyzing module rv32_imm
INFO: [VRFC 10-2263] Analyzing SystemVerilog file "C:/Users/37664/Desktop/code/VerilogProjects/rv32/rtl/rv32_regfile.sv" into library xil_defaultlib
INFO: [VRFC 10-311] analyzing module rv32_regfile
INFO: [VRFC 10-2263] Analyzing SystemVerilog file "C:/Users/37664/Desktop/code/VerilogProjects/rv32/rtl/rv32_top.sv" into library xil_defaultlib
INFO: [VRFC 10-311] analyzing module rv32_top
INFO: [VRFC 10-2263] Analyzing SystemVerilog file "C:/Users/37664/Desktop/code/VerilogProjects/rv32/tb/tb_rv32_wave.sv" into library xil_defaultlib
INFO: [VRFC 10-311] analyzing module tb_rv32_wave
INFO: [USF-XSim-69] 'compile' step finished in '2' seconds
INFO: [USF-XSim-3] XSim::Elaborate design
INFO: [USF-XSim-61] Executing 'ELABORATE' step in 'C:/Users/37664/Desktop/code/VerilogProjects/vivado_project/rv32_sim.sim/sim_1/behav/xsim'
Vivado Simulator 2018.3
Copyright 1986-1999, 2001-2018 Xilinx, Inc. All Rights Reserved.
Running: E:/dayingyonganzhuang/Vivado/2018.3/bin/unwrapped/win64.o/xelab.exe -wto 43bf95b11fd54934986ec34ecacdbebb --incr --debug typical --relax --mt 2 -L xil_defaultlib -L unisims_ver -L unimacro_ver -L secureip --snapshot tb_rv32_wave_behav xil_defaultlib.tb_rv32_wave xil_defaultlib.glbl -log elaborate.log 
Using 2 slave threads.
Starting static elaboration
Completed static elaboration
Starting simulation data flow analysis
WARNING: [XSIM 43-4099] "C:/Users/37664/Desktop/code/VerilogProjects/rv32/rtl/rv32_core.sv" Line 22. Module rv32_core doesn't have a timescale but at least one module in design has a timescale.
WARNING: [XSIM 43-4099] "C:/Users/37664/Desktop/code/VerilogProjects/rv32/rtl/rv32_decode.sv" Line 15. Module rv32_decode doesn't have a timescale but at least one module in design has a timescale.
WARNING: [XSIM 43-4099] "C:/Users/37664/Desktop/code/VerilogProjects/rv32/rtl/rv32_imm.sv" Line 15. Module rv32_imm doesn't have a timescale but at least one module in design has a timescale.
WARNING: [XSIM 43-4099] "C:/Users/37664/Desktop/code/VerilogProjects/rv32/rtl/rv32_regfile.sv" Line 12. Module rv32_regfile doesn't have a timescale but at least one module in design has a timescale.
WARNING: [XSIM 43-4099] "C:/Users/37664/Desktop/code/VerilogProjects/rv32/rtl/rv32_alu.sv" Line 13. Module rv32_alu doesn't have a timescale but at least one module in design has a timescale.
WARNING: [XSIM 43-4099] "C:/Users/37664/Desktop/code/VerilogProjects/rv32/rtl/rv32_branch.sv" Line 14. Module rv32_branch doesn't have a timescale but at least one module in design has a timescale.
Completed simulation data flow analysis
Time Resolution for simulation is 1ps
Compiling package xil_defaultlib.$unit_rv32_alu_sv
Compiling module xil_defaultlib.rv32_decode
Compiling module xil_defaultlib.rv32_imm
Compiling module xil_defaultlib.rv32_regfile
Compiling module xil_defaultlib.rv32_alu
Compiling module xil_defaultlib.rv32_branch
Compiling module xil_defaultlib.rv32_core
Compiling module xil_defaultlib.rv32_top
Compiling module xil_defaultlib.tb_rv32_wave
Compiling module xil_defaultlib.glbl
Built simulation snapshot tb_rv32_wave_behav
INFO: [USF-XSim-69] 'elaborate' step finished in '4' seconds
INFO: [USF-XSim-4] XSim::Simulate design
INFO: [USF-XSim-61] Executing 'SIMULATE' step in 'C:/Users/37664/Desktop/code/VerilogProjects/vivado_project/rv32_sim.sim/sim_1/behav/xsim'
INFO: [USF-XSim-98] *** Running xsim
   with args "tb_rv32_wave_behav -key {Behavioral:sim_1:Functional:tb_rv32_wave} -tclbatch {tb_rv32_wave.tcl} -log {simulate.log}"
INFO: [USF-XSim-8] Loading simulator feature
Vivado Simulator 2018.3
Time resolution is 1 ps
source tb_rv32_wave.tcl
# set curr_wave [current_wave_config]
# if { [string length $curr_wave] == 0 } {
#   if { [llength [get_objects]] > 0} {
#     add_wave /
#     set_property needs_save false [current_wave_config]
#   } else {
#      send_msg_id Add_Wave-1 WARNING "No top level signals found. Simulator will start without a wave window. If you want to open a wave window go to 'File->New Waveform Configuration' or type 'create_wave_config' in the TCL console."
#   }
# }
# run 1000ns
[TB] FAIL: last passing test=1, ram[1]=0xdeadbeef
$finish called at time : 325 ns : File "C:/Users/37664/Desktop/code/VerilogProjects/rv32/tb/tb_rv32_wave.sv" Line 178
INFO: [USF-XSim-96] XSim completed. Design snapshot 'tb_rv32_wave_behav' loaded.
INFO: [USF-XSim-97] XSim simulation ran for 1000ns
launch_simulation: Time (s): cpu = 00:00:06 ; elapsed = 00:00:11 . Memory (MB): peak = 1070.637 ; gain = 0.000
move_files -fileset sim_1 [get_files  C:/Users/37664/Desktop/code/VerilogProjects/rv32/rtl/rv32_core.sv]
update_compile_order -fileset sources_1
update_compile_order -fileset sim_1
