Vivado Simulator 2018.3
Copyright 1986-1999, 2001-2018 Xilinx, Inc. All Rights Reserved.
Running: E:/dayingyonganzhuang/Vivado/2018.3/bin/unwrapped/win64.o/xelab.exe -wto 43bf95b11fd54934986ec34ecacdbebb --incr --debug typical --relax --mt 2 -L xil_defaultlib -L unisims_ver -L unimacro_ver -L secureip --snapshot tb_rv32_wave_behav xil_defaultlib.tb_rv32_wave xil_defaultlib.glbl -log elaborate.log 
Using 2 slave threads.
Starting static elaboration
Completed static elaboration
Starting simulation data flow analysis
WARNING: [XSIM 43-4099] "C:/Users/37664/Desktop/code/VerilogProjects/rv32/rtl/rv32_core.sv" Line 22. Module rv32_core doesn't have a timescale but at least one module in design has a timescale.
WARNING: [XSIM 43-4099] "C:/Users/37664/Desktop/code/VerilogProjects/rv32/rtl/rv32_decode.sv" Line 15. Module rv32_decode doesn't have a timescale but at least one module in design has a timescale.
WARNING: [XSIM 43-4099] "C:/Users/37664/Desktop/code/VerilogProjects/rv32/rtl/rv32_imm.sv" Line 15. Module rv32_imm doesn't have a timescale but at least one module in design has a timescale.
WARNING: [XSIM 43-4099] "C:/Users/37664/Desktop/code/VerilogProjects/rv32/rtl/rv32_regfile.sv" Line 12. Module rv32_regfile doesn't have a timescale but at least one module in design has a timescale.
WARNING: [XSIM 43-4099] "C:/Users/37664/Desktop/code/VerilogProjects/rv32/rtl/rv32_alu.sv" Line 13. Module rv32_alu doesn't have a timescale but at least one module in design has a timescale.
WARNING: [XSIM 43-4099] "C:/Users/37664/Desktop/code/VerilogProjects/rv32/rtl/rv32_branch.sv" Line 14. Module rv32_branch doesn't have a timescale but at least one module in design has a timescale.
Completed simulation data flow analysis
Time Resolution for simulation is 1ps
Compiling package xil_defaultlib.$unit_rv32_alu_sv
Compiling module xil_defaultlib.rv32_decode
Compiling module xil_defaultlib.rv32_imm
Compiling module xil_defaultlib.rv32_regfile
Compiling module xil_defaultlib.rv32_alu
Compiling module xil_defaultlib.rv32_branch
Compiling module xil_defaultlib.rv32_core
Compiling module xil_defaultlib.rv32_top
Compiling module xil_defaultlib.tb_rv32_wave
Compiling module xil_defaultlib.glbl
Built simulation snapshot tb_rv32_wave_behav
