#-----------------------------------------------------------
# Vivado v2023.2 (64-bit)
# SW Build 4029153 on Fri Oct 13 20:14:34 MDT 2023
# IP Build 4028589 on Sat Oct 14 00:45:43 MDT 2023
# SharedData Build 4025554 on Tue Oct 10 17:18:54 MDT 2023
# Start of session at: Mon May  4 20:20:13 2026
# Process ID: 45524
# Current directory: C:/Users/37664/Desktop/code/VerilogProjects/vivado_project
# Command line: vivado.exe -gui_launcher_event rodinguilauncherevent4312 C:\Users\37664\Desktop\code\VerilogProjects\vivado_project\rv32_sim.xpr
# Log file: C:/Users/37664/Desktop/code/VerilogProjects/vivado_project/vivado.log
# Journal file: C:/Users/37664/Desktop/code/VerilogProjects/vivado_project\vivado.jou
# Running On: lixinle, OS: Windows, CPU Frequency: 2419 MHz, CPU Physical cores: 24, Host memory: 16779 MB
#-----------------------------------------------------------
start_gui
WARNING: [Board 49-26] cannot add Board Part xilinx.com:vek280_es:part0:1.0 available at E:/Vivado/2023.2/data/xhub/boards/XilinxBoardStore/boards/Xilinx/vek280/es/rev_a/1.0/board.xml as part xcve2802-vsvh1760-2lp-e-s-es1 specified in board_part file is either invalid or not available
WARNING: [Board 49-26] cannot add Board Part xilinx.com:vek280_es:part0:1.1 available at E:/Vivado/2023.2/data/xhub/boards/XilinxBoardStore/boards/Xilinx/vek280/es/rev_a/1.1/board.xml as part xcve2802-vsvh1760-2lp-e-s-es1 specified in board_part file is either invalid or not available
WARNING: [Board 49-26] cannot add Board Part xilinx.com:vek280_es_revb:part0:1.0 available at E:/Vivado/2023.2/data/xhub/boards/XilinxBoardStore/boards/Xilinx/vek280/es/rev_b/1.0/board.xml as part xcve2802-vsvh1760-2mp-e-s-es1 specified in board_part file is either invalid or not available
WARNING: [Board 49-26] cannot add Board Part xilinx.com:vek280_es_revb:part0:1.1 available at E:/Vivado/2023.2/data/xhub/boards/XilinxBoardStore/boards/Xilinx/vek280/es/rev_b/1.1/board.xml as part xcve2802-vsvh1760-2mp-e-s-es1 specified in board_part file is either invalid or not available
WARNING: [Board 49-26] cannot add Board Part xilinx.com:vhk158_es:part0:1.0 available at E:/Vivado/2023.2/data/xhub/boards/XilinxBoardStore/boards/Xilinx/vhk158/es/1.0/board.xml as part xcvh1582-vsva3697-2mp-e-s-es1 specified in board_part file is either invalid or not available
WARNING: [Board 49-26] cannot add Board Part xilinx.com:vhk158_es:part0:1.1 available at E:/Vivado/2023.2/data/xhub/boards/XilinxBoardStore/boards/Xilinx/vhk158/es/1.1/board.xml as part xcvh1582-vsva3697-2mp-e-s-es1 specified in board_part file is either invalid or not available
WARNING: [Board 49-26] cannot add Board Part xilinx.com:zcu208ld:part0:2.0 available at E:/Vivado/2023.2/data/xhub/boards/XilinxBoardStore/boards/Xilinx/zcu208ld/production/2.0/board.xml as part xczu58dr-fsvg1517-2-i specified in board_part file is either invalid or not available
WARNING: [Board 49-26] cannot add Board Part xilinx.com:zcu216ld:part0:2.0 available at E:/Vivado/2023.2/data/xhub/boards/XilinxBoardStore/boards/Xilinx/zcu216ld/production/2.0/board.xml as part xczu59dr-ffvf1760-2-i specified in board_part file is either invalid or not available
WARNING: [Board 49-26] cannot add Board Part xilinx.com:zcu670:part0:2.0 available at E:/Vivado/2023.2/data/xhub/boards/XilinxBoardStore/boards/Xilinx/zcu670/2.0/board.xml as part xczu67dr-fsve1156-2-i specified in board_part file is either invalid or not available
WARNING: [Board 49-26] cannot add Board Part xilinx.com:zcu670ld:part0:1.0 available at E:/Vivado/2023.2/data/xhub/boards/XilinxBoardStore/boards/Xilinx/zcu670ld/1.0/board.xml as part xczu57dr-fsve1156-2-i specified in board_part file is either invalid or not available
open_project C:/Users/37664/Desktop/code/VerilogProjects/vivado_project/rv32_sim.xpr
Scanning sources...
Finished scanning sources
INFO: [Project 1-230] Project 'rv32_sim.xpr' upgraded for this version of Vivado.
INFO: [IP_Flow 19-234] Refreshing IP repositories
INFO: [IP_Flow 19-1704] No user IP repositories specified
INFO: [IP_Flow 19-2313] Loaded Vivado IP repository 'E:/Vivado/2023.2/data/ip'.
upgrade_project -migrate_output_products
launch_simulation
Command: launch_simulation 
INFO: [Vivado 12-12493] Simulation top is 'tb_rv32_wave'
WARNING: [Vivado 12-13340] Unable to auto find GCC executables from simulator install path! (path not set)
INFO: [Vivado 12-5682] Launching behavioral simulation in 'C:/Users/37664/Desktop/code/VerilogProjects/vivado_project/rv32_sim.sim/sim_1/behav/xsim'
INFO: [SIM-utils-51] Simulation object is 'sim_1'
INFO: [SIM-utils-72] Using boost library from 'E:/Vivado/2023.2/tps/boost_1_72_0'
INFO: [SIM-utils-54] Inspecting design source files for 'tb_rv32_wave' in fileset 'sim_1'...
INFO: [USF-XSim-97] Finding global include files...
INFO: [USF-XSim-98] Fetching design files from 'sim_1'...
INFO: [USF-XSim-2] XSim::Compile design
INFO: [USF-XSim-61] Executing 'COMPILE and ANALYZE' step in 'C:/Users/37664/Desktop/code/VerilogProjects/vivado_project/rv32_sim.sim/sim_1/behav/xsim'
"xvlog --incr --relax -L uvm -prj tb_rv32_wave_vlog.prj"
INFO: [VRFC 10-2263] Analyzing SystemVerilog file "C:/Users/37664/Desktop/code/VerilogProjects/rv32/rtl/rv32_alu.sv" into library xil_defaultlib
INFO: [VRFC 10-311] analyzing module rv32_alu
INFO: [VRFC 10-2263] Analyzing SystemVerilog file "C:/Users/37664/Desktop/code/VerilogProjects/rv32/rtl/rv32_branch.sv" into library xil_defaultlib
INFO: [VRFC 10-311] analyzing module rv32_branch
INFO: [VRFC 10-2263] Analyzing SystemVerilog file "C:/Users/37664/Desktop/code/VerilogProjects/rv32/rtl/rv32_core.sv" into library xil_defaultlib
INFO: [VRFC 10-311] analyzing module rv32_core
INFO: [VRFC 10-2263] Analyzing SystemVerilog file "C:/Users/37664/Desktop/code/VerilogProjects/rv32/rtl/rv32_decode.sv" into library xil_defaultlib
INFO: [VRFC 10-311] analyzing module rv32_decode
INFO: [VRFC 10-2263] Analyzing SystemVerilog file "C:/Users/37664/Desktop/code/VerilogProjects/rv32/rtl/rv32_imm.sv" into library xil_defaultlib
INFO: [VRFC 10-311] analyzing module rv32_imm
INFO: [VRFC 10-2263] Analyzing SystemVerilog file "C:/Users/37664/Desktop/code/VerilogProjects/rv32/rtl/rv32_regfile.sv" into library xil_defaultlib
INFO: [VRFC 10-311] analyzing module rv32_regfile
INFO: [VRFC 10-2263] Analyzing SystemVerilog file "C:/Users/37664/Desktop/code/VerilogProjects/rv32/rtl/rv32_top.sv" into library xil_defaultlib
INFO: [VRFC 10-311] analyzing module rv32_top
INFO: [VRFC 10-2263] Analyzing SystemVerilog file "C:/Users/37664/Desktop/code/VerilogProjects/rv32/tb/tb_rv32.sv" into library xil_defaultlib
INFO: [VRFC 10-311] analyzing module tb_rv32_wave
INFO: [VRFC 10-2263] Analyzing Verilog file "C:/Users/37664/Desktop/code/VerilogProjects/vivado_project/rv32_sim.sim/sim_1/behav/xsim/glbl.v" into library xil_defaultlib
INFO: [VRFC 10-311] analyzing module glbl
INFO: [USF-XSim-69] 'compile' step finished in '2' seconds
INFO: [USF-XSim-3] XSim::Elaborate design
INFO: [USF-XSim-61] Executing 'ELABORATE' step in 'C:/Users/37664/Desktop/code/VerilogProjects/vivado_project/rv32_sim.sim/sim_1/behav/xsim'
"xelab --incr --debug typical --relax --mt 2 -L xil_defaultlib -L uvm -L unisims_ver -L unimacro_ver -L secureip --snapshot tb_rv32_wave_behav xil_defaultlib.tb_rv32_wave xil_defaultlib.glbl -log elaborate.log"
Vivado Simulator v2023.2
Copyright 1986-2022 Xilinx, Inc. All Rights Reserved.
Copyright 2022-2023 Advanced Micro Devices, Inc. All Rights Reserved.
Running: E:/Vivado/2023.2/bin/unwrapped/win64.o/xelab.exe --incr --debug typical --relax --mt 2 -L xil_defaultlib -L uvm -L unisims_ver -L unimacro_ver -L secureip --snapshot tb_rv32_wave_behav xil_defaultlib.tb_rv32_wave xil_defaultlib.glbl -log elaborate.log 
Using 2 slave threads.
Starting static elaboration
Pass Through NonSizing Optimizer
Completed static elaboration
Starting simulation data flow analysis
WARNING: [XSIM 43-4099] "C:/Users/37664/Desktop/code/VerilogProjects/rv32/rtl/rv32_core.sv" Line 21. Module rv32_core doesn't have a timescale but at least one module in design has a timescale.
WARNING: [XSIM 43-4099] "C:/Users/37664/Desktop/code/VerilogProjects/rv32/rtl/rv32_decode.sv" Line 15. Module rv32_decode doesn't have a timescale but at least one module in design has a timescale.
WARNING: [XSIM 43-4099] "C:/Users/37664/Desktop/code/VerilogProjects/rv32/rtl/rv32_imm.sv" Line 15. Module rv32_imm doesn't have a timescale but at least one module in design has a timescale.
WARNING: [XSIM 43-4099] "C:/Users/37664/Desktop/code/VerilogProjects/rv32/rtl/rv32_regfile.sv" Line 12. Module rv32_regfile doesn't have a timescale but at least one module in design has a timescale.
WARNING: [XSIM 43-4099] "C:/Users/37664/Desktop/code/VerilogProjects/rv32/rtl/rv32_alu.sv" Line 13. Module rv32_alu doesn't have a timescale but at least one module in design has a timescale.
WARNING: [XSIM 43-4099] "C:/Users/37664/Desktop/code/VerilogProjects/rv32/rtl/rv32_branch.sv" Line 14. Module rv32_branch doesn't have a timescale but at least one module in design has a timescale.
WARNING: [XSIM 43-4099] "C:/Users/37664/Desktop/code/VerilogProjects/rv32/rtl/rv32_core.sv" Line 21. Module rv32_core doesn't have a timescale but at least one module in design has a timescale.
WARNING: [XSIM 43-4099] "C:/Users/37664/Desktop/code/VerilogProjects/rv32/rtl/rv32_decode.sv" Line 15. Module rv32_decode doesn't have a timescale but at least one module in design has a timescale.
WARNING: [XSIM 43-4099] "C:/Users/37664/Desktop/code/VerilogProjects/rv32/rtl/rv32_imm.sv" Line 15. Module rv32_imm doesn't have a timescale but at least one module in design has a timescale.
WARNING: [XSIM 43-4099] "C:/Users/37664/Desktop/code/VerilogProjects/rv32/rtl/rv32_regfile.sv" Line 12. Module rv32_regfile doesn't have a timescale but at least one module in design has a timescale.
WARNING: [XSIM 43-4099] "C:/Users/37664/Desktop/code/VerilogProjects/rv32/rtl/rv32_alu.sv" Line 13. Module rv32_alu doesn't have a timescale but at least one module in design has a timescale.
WARNING: [XSIM 43-4099] "C:/Users/37664/Desktop/code/VerilogProjects/rv32/rtl/rv32_branch.sv" Line 14. Module rv32_branch doesn't have a timescale but at least one module in design has a timescale.
Completed simulation data flow analysis
Time Resolution for simulation is 1ps
Compiling package xil_defaultlib.$unit_rv32_alu_sv_980853635
Compiling module xil_defaultlib.rv32_decode
Compiling module xil_defaultlib.rv32_imm
Compiling module xil_defaultlib.rv32_regfile
Compiling module xil_defaultlib.rv32_alu
Compiling module xil_defaultlib.rv32_branch
Compiling module xil_defaultlib.rv32_core
Compiling module xil_defaultlib.rv32_top
Compiling module xil_defaultlib.tb_rv32_wave
Compiling module xil_defaultlib.glbl
Built simulation snapshot tb_rv32_wave_behav
INFO: [USF-XSim-69] 'elaborate' step finished in '4' seconds
INFO: [USF-XSim-4] XSim::Simulate design
INFO: [USF-XSim-61] Executing 'SIMULATE' step in 'C:/Users/37664/Desktop/code/VerilogProjects/vivado_project/rv32_sim.sim/sim_1/behav/xsim'
INFO: [USF-XSim-98] *** Running xsim
   with args "tb_rv32_wave_behav -key {Behavioral:sim_1:Functional:tb_rv32_wave} -tclbatch {tb_rv32_wave.tcl} -log {simulate.log}"
INFO: [USF-XSim-8] Loading simulator feature
Time resolution is 1 ps
source tb_rv32_wave.tcl
# set curr_wave [current_wave_config]
# if { [string length $curr_wave] == 0 } {
#   if { [llength [get_objects]] > 0} {
#     add_wave /
#     set_property needs_save false [current_wave_config]
#   } else {
#      send_msg_id Add_Wave-1 WARNING "No top level signals found. Simulator will start without a wave window. If you want to open a wave window go to 'File->New Waveform Configuration' or type 'create_wave_config' in the TCL console."
#   }
# }
# run 1000ns
[TB] FAIL: last passing test=1, ram[1]=0xdeadbeef
$finish called at time : 325 ns : File "C:/Users/37664/Desktop/code/VerilogProjects/rv32/tb/tb_rv32.sv" Line 178
INFO: [USF-XSim-96] XSim completed. Design snapshot 'tb_rv32_wave_behav' loaded.
INFO: [USF-XSim-97] XSim simulation ran for 1000ns
launch_simulation: Time (s): cpu = 00:00:06 ; elapsed = 00:00:09 . Memory (MB): peak = 1755.359 ; gain = 61.164
update_compile_order -fileset sources_1
close_sim
INFO: [Simtcl 6-16] Simulation closed
exit
INFO: [Common 17-206] Exiting Vivado at Mon May  4 21:23:41 2026...
